// Jest Snapshot v1, https://goo.gl/fbAQLP

exports[`tippy merges the default props with the supplied props 1`] = `
Object {
  "allowHTML": false,
  "animateFill": false,
  "animation": "fade",
  "appendTo": [Function],
  "aria": Object {
    "content": "auto",
    "expanded": "auto",
    "role": "tooltip",
  },
  "arrow": true,
  "content": "__DEFAULT_TEST_CONTENT__",
  "delay": 0,
  "followCursor": false,
  "getReferenceClientRect": null,
  "hideOnClick": true,
  "ignoreAttributes": false,
  "inlinePositioning": false,
  "interactive": false,
  "interactiveBorder": 2,
  "interactiveDebounce": 0,
  "maxWidth": 350,
  "moveTransition": "",
  "offset": Array [
    0,
    10,
  ],
  "onAfterUpdate": [Function],
  "onBeforeUpdate": [Function],
  "onClickOutside": [Function],
  "onCreate": [Function],
  "onDestroy": [Function],
  "onHidden": [Function],
  "onHide": [Function],
  "onMount": [Function],
  "onShow": [Function],
  "onShown": [Function],
  "onTrigger": [Function],
  "onUntrigger": [Function],
  "placement": "bottom-end",
  "plugins": Array [],
  "popperOptions": Object {},
  "render": [Function],
  "showOnCreate": false,
  "sticky": false,
  "theme": "",
  "touch": true,
  "trigger": "mouseenter focus",
  "triggerTarget": null,
  "zIndex": 9999,
}
`;
